BL51 BANKED LINKER/LOCATER V6.22                                                        11/02/2016  00:53:10  PAGE 1


BL51 BANKED LINKER/LOCATER V6.22, INVOKED BY:
F:\51\C51\BIN\BL51.EXE Timer_led.obj TO test


MEMORY MODEL: SMALL


INPUT MODULES INCLUDED:
  Timer_led.obj (TIMER_LED)
  F:\51\C51\LIB\C51S.LIB (?C_STARTUP)


LINK MAP OF MODULE:  test (TIMER_LED)


            TYPE    BASE      LENGTH    RELOCATION   SEGMENT NAME
            -----------------------------------------------------

            * * * * * * *   D A T A   M E M O R Y   * * * * * * *
            REG     0000H     0008H     ABSOLUTE     "REG BANK 0"
            DATA    0008H     0001H     UNIT         _DATA_GROUP_
            IDATA   0009H     0001H     UNIT         ?STACK

            * * * * * * *   C O D E   M E M O R Y   * * * * * * *
            CODE    0000H     0003H     ABSOLUTE     
            CODE    0003H     0035H     UNIT         ?PR?_SEND_DATA?TIMER_LED
            CODE    0038H     0033H     UNIT         ?PR?MAIN?TIMER_LED
            CODE    006BH     0020H     UNIT         ?CO?TIMER_LED
            CODE    008BH     000FH     UNIT         ?PR?TIMER0_INIT?TIMER_LED
            CODE    009AH     000CH     UNIT         ?C_C51STARTUP



OVERLAY MAP OF MODULE:   test (TIMER_LED)


SEGMENT                             DATA_GROUP 
  +--> CALLED SEGMENT             START    LENGTH
-------------------------------------------------
?C_C51STARTUP                     -----    -----
  +--> ?PR?MAIN?TIMER_LED

?PR?MAIN?TIMER_LED                0008H    0001H
  +--> ?PR?TIMER0_INIT?TIMER_LED
  +--> ?CO?TIMER_LED
  +--> ?PR?_SEND_DATA?TIMER_LED



SYMBOL TABLE OF MODULE:  test (TIMER_LED)

  VALUE           TYPE          NAME
  ----------------------------------

  -------         MODULE        TIMER_LED
  C:0000H         SYMBOL        _ICE_DUMMY_
  D:0080H         PUBLIC        P0
  D:0090H         PUBLIC        P1
BL51 BANKED LINKER/LOCATER V6.22                                                      11/02/2016  00:53:10  PAGE 2


  D:00B0H         PUBLIC        P3
  B:00A8H.7       PUBLIC        EA
  C:0003H         PUBLIC        _Send_data
  D:00A8H         PUBLIC        IE
  D:00B8H         PUBLIC        IP
  C:006BH         PUBLIC        Led_One
  C:0038H         PUBLIC        main
  C:008BH         PUBLIC        Timer0_Init
  B:0080H.7       PUBLIC        HC595_DATA
  C:007BH         PUBLIC        Led_Two
  D:0098H         PUBLIC        SCON
  D:0089H         PUBLIC        TMOD
  D:0088H         PUBLIC        TCON
  B:00A8H.1       PUBLIC        ET0
  B:0088H.5       PUBLIC        TF0
  D:008CH         PUBLIC        TH0
  D:008AH         PUBLIC        TL0
  B:0088H.4       PUBLIC        TR0
  D:00C8H         PUBLIC        T2CON
  B:0080H.6       PUBLIC        HC595_RCK
  B:0080H.5       PUBLIC        HC595_SCK
  D:00D0H         PUBLIC        PSW
  -------         PROC          TIMER0_INIT
  C:008BH         LINE#         15
  C:008BH         LINE#         16
  C:008BH         LINE#         17
  C:008EH         LINE#         18
  C:0091H         LINE#         19
  C:0093H         LINE#         20
  C:0095H         LINE#         21
  C:0097H         LINE#         22
  C:0099H         LINE#         23
  -------         ENDPROC       TIMER0_INIT
  -------         PROC          _SEND_DATA
  D:0007H         SYMBOL        Led8_one
  D:0005H         SYMBOL        Led8_two
  -------         DO            
  D:0006H         SYMBOL        i
  -------         ENDDO         
  C:0003H         LINE#         25
  C:0003H         LINE#         26
  C:0003H         LINE#         28
  C:0005H         LINE#         29
  C:0007H         LINE#         30
  C:0007H         LINE#         31
  C:0009H         LINE#         32
  C:000DH         LINE#         33
  C:000DH         LINE#         34
  C:000FH         LINE#         35
  C:0011H         LINE#         37
  C:0011H         LINE#         38
  C:0013H         LINE#         39
  C:0013H         LINE#         40
  C:0017H         LINE#         41
  C:0019H         LINE#         42
  C:001DH         LINE#         43
  C:001FH         LINE#         44
BL51 BANKED LINKER/LOCATER V6.22                                                      11/02/2016  00:53:10  PAGE 3


  C:001FH         LINE#         45
  C:0021H         LINE#         46
  C:0025H         LINE#         47
  C:0025H         LINE#         48
  C:0027H         LINE#         49
  C:0029H         LINE#         51
  C:0029H         LINE#         52
  C:002BH         LINE#         53
  C:002BH         LINE#         54
  C:002FH         LINE#         55
  C:0031H         LINE#         56
  C:0035H         LINE#         57
  C:0037H         LINE#         58
  -------         ENDPROC       _SEND_DATA
  -------         PROC          MAIN
  -------         DO            
  D:0008H         SYMBOL        counter
  D:0004H         SYMBOL        k
  -------         ENDDO         
  C:0038H         LINE#         61
  C:0038H         LINE#         62
  C:0038H         LINE#         65
  C:003DH         LINE#         67
  C:003DH         LINE#         68
  C:003DH         LINE#         69
  C:0040H         LINE#         70
  C:0040H         LINE#         71
  C:0042H         LINE#         72
  C:0045H         LINE#         73
  C:0048H         LINE#         74
  C:004AH         LINE#         75
  C:004AH         LINE#         76
  C:004FH         LINE#         77
  C:004FH         LINE#         78
  C:0052H         LINE#         79
  C:0061H         LINE#         80
  C:0064H         LINE#         81
  C:0064H         LINE#         82
  C:0066H         LINE#         84
  C:0068H         LINE#         86
  C:0068H         LINE#         87
  C:0069H         LINE#         88
  C:0069H         LINE#         89
  C:0069H         LINE#         90
  -------         ENDPROC       MAIN
  -------         ENDMOD        TIMER_LED

Program Size: data=10.0 xdata=0 code=166
LINK/LOCATE RUN COMPLETE.  0 WARNING(S),  0 ERROR(S)
